user@DESKTOP-5BOGB4B MINGW64 ~/OneDrive/Desktop/learn_github (master)
$ git config --global user.name Khushi

user@DESKTOP-5BOGB4B MINGW64 ~/OneDrive/Desktop/learn_github (master)
$ ^C

user@DESKTOP-5BOGB4B MINGW64 ~/OneDrive/Desktop/learn_github (master)
$ git config --global user.email khuhsiagarwal7821@gmail.com

user@DESKTOP-5BOGB4B MINGW64 ~/OneDrive/Desktop/learn_github (master)
$ ^C

user@DESKTOP-5BOGB4B MINGW64 ~/OneDrive/Desktop/learn_github (master)
$ git config --global user.name
Khushi

user@DESKTOP-5BOGB4B MINGW64 ~/OneDrive/Desktop/learn_github (master)
$ git config --global user.email
khuhsiagarwal7821@gmail.com

user@DESKTOP-5BOGB4B MINGW64 ~/OneDrive/Desktop/learn_github (master)
$ code .

user@DESKTOP-5BOGB4B MINGW64 ~/OneDrive/Desktop/learn_github (master)
$ git init
Initialized empty Git repository in C:/Users/user/OneDrive/Desktop/learn_github/.git/

user@DESKTOP-5BOGB4B MINGW64 ~/OneDrive/Desktop/learn_github (master)
$ ls -lart
total 8
drwxr-xr-x 1 user 197609 0 Jul  2 21:34 ../
drwxr-xr-x 1 user 197609 0 Jul  2 21:48 ./
drwxr-xr-x 1 user 197609 0 Jul  2 21:48 .git/

user@DESKTOP-5BOGB4B MINGW64 ~/OneDrive/Desktop/learn_github (master)
$ git status
On branch master

No commits yet

Untracked files:
  (use "git add <file>..." to include in what will be committed)
        index.html

nothing added to commit but untracked files present (use "git add" to track)

user@DESKTOP-5BOGB4B MINGW64 ~/OneDrive/Desktop/learn_github (master)
$ git add index.html

user@DESKTOP-5BOGB4B MINGW64 ~/OneDrive/Desktop/learn_github (master)
$ git status
On branch master

No commits yet

Changes to be committed:
  (use "git rm --cached <file>..." to unstage)
        new file:   index.html


user@DESKTOP-5BOGB4B MINGW64 ~/OneDrive/Desktop/learn_github (master)
$ git commit
[master (root-commit) 23acdfd] Initial commit
 1 file changed, 11 insertions(+)
 create mode 100644 index.html

user@DESKTOP-5BOGB4B MINGW64 ~/OneDrive/Desktop/learn_github (master)
$ git status
On branch master
nothing to commit, working tree clean

user@DESKTOP-5BOGB4B MINGW64 ~/OneDrive/Desktop/learn_github (master)
$ touch about.html

user@DESKTOP-5BOGB4B MINGW64 ~/OneDrive/Desktop/learn_github (master)
$ touch contact.html

user@DESKTOP-5BOGB4B MINGW64 ~/OneDrive/Desktop/learn_github (master)
$ touch monumnets.html

user@DESKTOP-5BOGB4B MINGW64 ~/OneDrive/Desktop/learn_github (master)
$ git status
On branch master
Untracked files:
  (use "git add <file>..." to include in what will be committed)
        about.html
        contact.html
        monumnets.html

nothing added to commit but untracked files present (use "git add" to track)

user@DESKTOP-5BOGB4B MINGW64 ~/OneDrive/Desktop/learn_github (master)
$ git add -A

user@DESKTOP-5BOGB4B MINGW64 ~/OneDrive/Desktop/learn_github (master)
$ git status
On branch master
Changes to be committed:
  (use "git restore --staged <file>..." to unstage)
        new file:   about.html
        new file:   contact.html
        new file:   monumnets.html


user@DESKTOP-5BOGB4B MINGW64 ~/OneDrive/Desktop/learn_github (master)
$ git status
On branch master
Changes to be committed:
  (use "git restore --staged <file>..." to unstage)
        new file:   about.html
        new file:   contact.html
        new file:   monumnets.html

Changes not staged for commit:
  (use "git add <file>..." to update what will be committed)
  (use "git restore <file>..." to discard changes in working directory)
        modified:   contact.html


user@DESKTOP-5BOGB4B MINGW64 ~/OneDrive/Desktop/learn_github (master)
$ git add contact.html

user@DESKTOP-5BOGB4B MINGW64 ~/OneDrive/Desktop/learn_github (master)
$ git status
On branch master
Changes to be committed:
  (use "git restore --staged <file>..." to unstage)
        new file:   about.html
        new file:   contact.html
        new file:   monumnets.html


user@DESKTOP-5BOGB4B MINGW64 ~/OneDrive/Desktop/learn_github (master)
$ git commit -m "this is another way to commit "
[master c557899] this is another way to commit
 3 files changed, 11 insertions(+)
 create mode 100644 about.html
 create mode 100644 contact.html
 create mode 100644 monumnets.html

user@DESKTOP-5BOGB4B MINGW64 ~/OneDrive/Desktop/learn_github (master)
$ git status
On branch master
nothing to commit, working tree clean

user@DESKTOP-5BOGB4B MINGW64 ~/OneDrive/Desktop/learn_github (master)
$ git status
On branch master
Changes not staged for commit:
  (use "git add <file>..." to update what will be committed)
  (use "git restore <file>..." to discard changes in working directory)
        modified:   contact.html

no changes added to commit (use "git add" and/or "git commit -a")

user@DESKTOP-5BOGB4B MINGW64 ~/OneDrive/Desktop/learn_github (master)
$ git checkout
HEAD     master

user@DESKTOP-5BOGB4B MINGW64 ~/OneDrive/Desktop/learn_github (master)
$ git checkout
HEAD     master

user@DESKTOP-5BOGB4B MINGW64 ~/OneDrive/Desktop/learn_github (master)
$ git checkout contact.html
Updated 1 path from the index

user@DESKTOP-5BOGB4B MINGW64 ~/OneDrive/Desktop/learn_github (master)
$ git log
commit c557899a4b774e56486238a9e549e69f77f5cab6 (HEAD -> master)
Author: Khushi <khuhsiagarwal7821@gmail.com>
Date:   Sun Jul 2 22:22:12 2023 -0500

    this is another way to commit

commit 23acdfd9d421a55a6815bf327d99c8b464c8862d
Author: Khushi <khuhsiagarwal7821@gmail.com>
Date:   Sun Jul 2 21:56:35 2023 -0500

    Initial commit

user@DESKTOP-5BOGB4B MINGW64 ~/OneDrive/Desktop/learn_github (master)
$ ^C

user@DESKTOP-5BOGB4B MINGW64 ~/OneDrive/Desktop/learn_github (master)
$ git diff
diff --git a/contact.html b/contact.html
index 0999dd2..5f7ca32 100644
--- a/contact.html
+++ b/contact.html
@@ -6,6 +6,6 @@
     <title>Document</title>
 </head>
 <body>
-    contact file
+    contact file and check after change in git diff
 </body>
 </html>
\ No newline at end of file

user@DESKTOP-5BOGB4B MINGW64 ~/OneDrive/Desktop/learn_github (master)
$ git add contact.html

user@DESKTOP-5BOGB4B MINGW64 ~/OneDrive/Desktop/learn_github (master)
$ git diff

user@DESKTOP-5BOGB4B MINGW64 ~/OneDrive/Desktop/learn_github (master)
$ git status
On branch master
Changes to be committed:
  (use "git restore --staged <file>..." to unstage)
        modified:   contact.html


user@DESKTOP-5BOGB4B MINGW64 ~/OneDrive/Desktop/learn_github (master)
$ git commit contact.html
[master 94d6328] change commit
 1 file changed, 1 insertion(+), 1 deletion(-)

user@DESKTOP-5BOGB4B MINGW64 ~/OneDrive/Desktop/learn_github (master)
$ git status
On branch master
nothing to commit, working tree clean

user@DESKTOP-5BOGB4B MINGW64 ~/OneDrive/Desktop/learn_github (master)
$ git status
On branch master
Changes not staged for commit:
  (use "git add <file>..." to update what will be committed)
  (use "git restore <file>..." to discard changes in working directory)
        modified:   index.html

no changes added to commit (use "git add" and/or "git commit -a")

user@DESKTOP-5BOGB4B MINGW64 ~/OneDrive/Desktop/learn_github (master)
$ git commit -a -m "direct commit without staging "
[master dd37161] direct commit without staging
 1 file changed, 1 insertion(+), 1 deletion(-)

user@DESKTOP-5BOGB4B MINGW64 ~/OneDrive/Desktop/learn_github (master)
$ git status
On branch master
nothing to commit, working tree clean

user@DESKTOP-5BOGB4B MINGW64 ~/OneDrive/Desktop/learn_github (master)
$ git log
commit dd37161535d196d56c011909a3bc80cd32a036fa (HEAD -> master)
Author: Khushi <khuhsiagarwal7821@gmail.com>
Date:   Sun Jul 2 23:07:05 2023 -0500

    direct commit without staging

commit 94d63285bd23a5e892bfaac4df88c8b7c01ddc10
Author: Khushi <khuhsiagarwal7821@gmail.com>
Date:   Sun Jul 2 22:57:27 2023 -0500

    change commit

commit c557899a4b774e56486238a9e549e69f77f5cab6
Author: Khushi <khuhsiagarwal7821@gmail.com>
Date:   Sun Jul 2 22:22:12 2023 -0500

    this is another way to commit

commit 23acdfd9d421a55a6815bf327d99c8b464c8862d
Author: Khushi <khuhsiagarwal7821@gmail.com>
Date:   Sun Jul 2 21:56:35 2023 -0500

    Initial commit

user@DESKTOP-5BOGB4B MINGW64 ~/OneDrive/Desktop/learn_github (master)
$ git status
On branch master
nothing to commit, working tree clean

user@DESKTOP-5BOGB4B MINGW64 ~/OneDrive/Desktop/learn_github (master)
$ ls
about.html  contact.html  index.html  monumnets.html

user@DESKTOP-5BOGB4B MINGW64 ~/OneDrive/Desktop/learn_github (master)
$ touch waste.html

user@DESKTOP-5BOGB4B MINGW64 ~/OneDrive/Desktop/learn_github (master)
$ ls
about.html  contact.html  index.html  monumnets.html  waste.html

user@DESKTOP-5BOGB4B MINGW64 ~/OneDrive/Desktop/learn_github (master)
$ git commit -a -m "toremove the file"
On branch master
Untracked files:
  (use "git add <file>..." to include in what will be committed)
        waste.html

nothing added to commit but untracked files present (use "git add" to track)

user@DESKTOP-5BOGB4B MINGW64 ~/OneDrive/Desktop/learn_github (master)
$ git add waste.html

user@DESKTOP-5BOGB4B MINGW64 ~/OneDrive/Desktop/learn_github (master)
$ git commit -a -m "remove waste html file"
[master c2071fe] remove waste html file
 1 file changed, 0 insertions(+), 0 deletions(-)
 create mode 100644 waste.html

user@DESKTOP-5BOGB4B MINGW64 ~/OneDrive/Desktop/learn_github (master)
$ git status
On branch master
nothing to commit, working tree clean

user@DESKTOP-5BOGB4B MINGW64 ~/OneDrive/Desktop/learn_github (master)
$ ls
about.html  contact.html  index.html  monumnets.html  waste.html

user@DESKTOP-5BOGB4B MINGW64 ~/OneDrive/Desktop/learn_github (master)
$ git rm --cached waste.html
rm 'waste.html'

user@DESKTOP-5BOGB4B MINGW64 ~/OneDrive/Desktop/learn_github (master)
$ ls
about.html  contact.html  index.html  monumnets.html  waste.html

user@DESKTOP-5BOGB4B MINGW64 ~/OneDrive/Desktop/learn_github (master)
$ git rm waste.html
fatal: pathspec 'waste.html' did not match any files

user@DESKTOP-5BOGB4B MINGW64 ~/OneDrive/Desktop/learn_github (master)
$ ls
about.html  contact.html  index.html  monumnets.html  waste.html

user@DESKTOP-5BOGB4B MINGW64 ~/OneDrive/Desktop/learn_github (master)
$ git status
On branch master
Changes to be committed:
  (use "git restore --staged <file>..." to unstage)
        deleted:    waste.html

Untracked files:
  (use "git add <file>..." to include in what will be committed)
        waste.html


user@DESKTOP-5BOGB4B MINGW64 ~/OneDrive/Desktop/learn_github (master)
$ git add waste.html

user@DESKTOP-5BOGB4B MINGW64 ~/OneDrive/Desktop/learn_github (master)
$ git commit -a -m "enter"
On branch master
nothing to commit, working tree clean

user@DESKTOP-5BOGB4B MINGW64 ~/OneDrive/Desktop/learn_github (master)
$ ls
about.html  contact.html  index.html  monumnets.html  waste.html

user@DESKTOP-5BOGB4B MINGW64 ~/OneDrive/Desktop/learn_github (master)
$ git rm waste.html
rm 'waste.html'

user@DESKTOP-5BOGB4B MINGW64 ~/OneDrive/Desktop/learn_github (master)
$ git status
On branch master
Changes to be committed:
  (use "git restore --staged <file>..." to unstage)
        deleted:    waste.html


user@DESKTOP-5BOGB4B MINGW64 ~/OneDrive/Desktop/learn_github (master)
$ ls
about.html  contact.html  index.html  monumnets.html

user@DESKTOP-5BOGB4B MINGW64 ~/OneDrive/Desktop/learn_github (master)
$ git status
On branch master
Changes to be committed:
  (use "git restore --staged <file>..." to unstage)
        deleted:    waste.html


user@DESKTOP-5BOGB4B MINGW64 ~/OneDrive/Desktop/learn_github (master)
$ ls
about.html  contact.html  index.html  monumnets.html

user@DESKTOP-5BOGB4B MINGW64 ~/OneDrive/Desktop/learn_github (master)
$ git add
Nothing specified, nothing added.
hint: Maybe you wanted to say 'git add .'?
hint: Turn this message off by running
hint: "git config advice.addEmptyPathspec false"

user@DESKTOP-5BOGB4B MINGW64 ~/OneDrive/Desktop/learn_github (master)
$ git add -A

user@DESKTOP-5BOGB4B MINGW64 ~/OneDrive/Desktop/learn_github (master)
$ git commit -m "after removing"
[master f62a4f6] after removing
 1 file changed, 0 insertions(+), 0 deletions(-)
 delete mode 100644 waste.html

user@DESKTOP-5BOGB4B MINGW64 ~/OneDrive/Desktop/learn_github (master)
$ git status
On branch master
nothing to commit, working tree clean

user@DESKTOP-5BOGB4B MINGW64 ~/OneDrive/Desktop/learn_github (master)
$ git log
commit f62a4f675bd402e6c8f4979af0dbcd7603dfbd3d (HEAD -> master)
Author: Khushi <khuhsiagarwal7821@gmail.com>
Date:   Sun Jul 2 23:35:49 2023 -0500

    after removing

commit c2071fe8237ac4f435f188bce5ff37a7d011c5cd
Author: Khushi <khuhsiagarwal7821@gmail.com>
Date:   Sun Jul 2 23:10:50 2023 -0500

    remove waste html file

commit dd37161535d196d56c011909a3bc80cd32a036fa
Author: Khushi <khuhsiagarwal7821@gmail.com>
Date:   Sun Jul 2 23:07:05 2023 -0500

    direct commit without staging

commit 94d63285bd23a5e892bfaac4df88c8b7c01ddc10
Author: Khushi <khuhsiagarwal7821@gmail.com>
Date:   Sun Jul 2 22:57:27 2023 -0500

    change commit

commit c557899a4b774e56486238a9e549e69f77f5cab6
Author: Khushi <khuhsiagarwal7821@gmail.com>
Date:   Sun Jul 2 22:22:12 2023 -0500

    this is another way to commit

commit 23acdfd9d421a55a6815bf327d99c8b464c8862d
Author: Khushi <khuhsiagarwal7821@gmail.com>
Date:   Sun Jul 2 21:56:35 2023 -0500

    Initial commit

user@DESKTOP-5BOGB4B MINGW64 ~/OneDrive/Desktop/learn_github (master)
$ git log -p -2
commit f62a4f675bd402e6c8f4979af0dbcd7603dfbd3d (HEAD -> master)
Author: Khushi <khuhsiagarwal7821@gmail.com>
Date:   Sun Jul 2 23:35:49 2023 -0500

    after removing

diff --git a/waste.html b/waste.html
deleted file mode 100644
index e69de29..0000000

commit c2071fe8237ac4f435f188bce5ff37a7d011c5cd
Author: Khushi <khuhsiagarwal7821@gmail.com>
Date:   Sun Jul 2 23:10:50 2023 -0500

    remove waste html file

diff --git a/waste.html b/waste.html
new file mode 100644
index 0000000..e69de29

user@DESKTOP-5BOGB4B MINGW64 ~/OneDrive/Desktop/learn_github (master)
$ touch .gitignore

user@DESKTOP-5BOGB4B MINGW64 ~/OneDrive/Desktop/learn_github (master)
$ touch mylog.log

user@DESKTOP-5BOGB4B MINGW64 ~/OneDrive/Desktop/learn_github (master)
$ git add -A

user@DESKTOP-5BOGB4B MINGW64 ~/OneDrive/Desktop/learn_github (master)
$ git status
On branch master
Changes to be committed:
  (use "git restore --staged <file>..." to unstage)
        new file:   .gitignore


user@DESKTOP-5BOGB4B MINGW64 ~/OneDrive/Desktop/learn_github (master)
$ git status -a -m "git ignore / "
error: unknown switch `a'
usage: git status [<options>] [--] [<pathspec>...]

    -v, --verbose         be verbose
    -s, --short           show status concisely
    -b, --branch          show branch information
    --show-stash          show stash information
    --ahead-behind        compute full ahead/behind values
    --porcelain[=<version>]
                          machine-readable output
    --long                show status in long format (default)
    -z, --null            terminate entries with NUL
    -u, --untracked-files[=<mode>]
                          show untracked files, optional modes: all, normal, no. (Default: all)
    --ignored[=<mode>]    show ignored files, optional modes: traditional, matching, no. (Default: traditional)
    --ignore-submodules[=<when>]
                          ignore changes to submodules, optional when: all, dirty, untracked. (Default: all)
    --column[=<style>]    list untracked files in columns
    --no-renames          do not detect renames
    -M, --find-renames[=<n>]
                          detect renames, optionally set similarity index


user@DESKTOP-5BOGB4B MINGW64 ~/OneDrive/Desktop/learn_github (master)
$ git commit -a -m " git ignore"
[master 5e28ecb]  git ignore
 1 file changed, 1 insertion(+)
 create mode 100644 .gitignore

user@DESKTOP-5BOGB4B MINGW64 ~/OneDrive/Desktop/learn_github (master)
$ git status
On branch master
nothing to commit, working tree clean

user@DESKTOP-5BOGB4B MINGW64 ~/OneDrive/Desktop/learn_github (master)
$ git branch feature1

user@DESKTOP-5BOGB4B MINGW64 ~/OneDrive/Desktop/learn_github (master)
$ git branch
  feature1
* master

user@DESKTOP-5BOGB4B MINGW64 ~/OneDrive/Desktop/learn_github (master)
$ git checkout feature1
Switched to branch 'feature1'

user@DESKTOP-5BOGB4B MINGW64 ~/OneDrive/Desktop/learn_github (feature1)
$ ^C

user@DESKTOP-5BOGB4B MINGW64 ~/OneDrive/Desktop/learn_github (feature1)
$ git status
On branch feature1
nothing to commit, working tree clean

user@DESKTOP-5BOGB4B MINGW64 ~/OneDrive/Desktop/learn_github (feature1)
$ git status
On branch feature1
Changes not staged for commit:
  (use "git add <file>..." to update what will be committed)
  (use "git restore <file>..." to discard changes in working directory)
        modified:   index.html

no changes added to commit (use "git add" and/or "git commit -a")

user@DESKTOP-5BOGB4B MINGW64 ~/OneDrive/Desktop/learn_github (feature1)
$ git status
On branch feature1
Changes not staged for commit:
  (use "git add <file>..." to update what will be committed)
  (use "git restore <file>..." to discard changes in working directory)
        modified:   index.html

no changes added to commit (use "git add" and/or "git commit -a")

user@DESKTOP-5BOGB4B MINGW64 ~/OneDrive/Desktop/learn_github (feature1)
$ git commit -a -m "add comment"
[feature1 85ebc31] add comment
 1 file changed, 3 insertions(+), 1 deletion(-)

user@DESKTOP-5BOGB4B MINGW64 ~/OneDrive/Desktop/learn_github (feature1)
$ git status
On branch feature1
nothing to commit, working tree clean

user@DESKTOP-5BOGB4B MINGW64 ~/OneDrive/Desktop/learn_github (feature1)
$ git branch master
fatal: a branch named 'master' already exists

user@DESKTOP-5BOGB4B MINGW64 ~/OneDrive/Desktop/learn_github (feature1)
$ git checkout master
Switched to branch 'master'

user@DESKTOP-5BOGB4B MINGW64 ~/OneDrive/Desktop/learn_github (master)
$ git checkout feature1
Switched to branch 'feature1'

user@DESKTOP-5BOGB4B MINGW64 ~/OneDrive/Desktop/learn_github (feature1)
$ git checkout master
Switched to branch 'master'

user@DESKTOP-5BOGB4B MINGW64 ~/OneDrive/Desktop/learn_github (master)
$ git merge feature1
Updating 5e28ecb..85ebc31
Fast-forward
 index.html | 4 +++-
 1 file changed, 3 insertions(+), 1 deletion(-)

user@DESKTOP-5BOGB4B MINGW64 ~/OneDrive/Desktop/learn_github (master)
$ git status
On branch master
nothing to commit, working tree clean

user@DESKTOP-5BOGB4B MINGW64 ~/OneDrive/Desktop/learn_github (master)
$ git checkout -b feature2
Switched to a new branch 'feature2'

user@DESKTOP-5BOGB4B MINGW64 ~/OneDrive/Desktop/learn_github (feature2)
$ git branch
  feature1
* feature2
  master

user@DESKTOP-5BOGB4B MINGW64 ~/OneDrive/Desktop/learn_github (feature2)
$ git checkout master
Switched to branch 'master'

user@DESKTOP-5BOGB4B MINGW64 ~/OneDrive/Desktop/learn_github (master)
$ git status
On branch master
nothing to commit, working tree clean

user@DESKTOP-5BOGB4B MINGW64 ~/OneDrive/Desktop/learn_github (master)
$
